// Jest Snapshot v1, https://goo.gl/fbAQLP

exports[`ClockDisplay Component Clock Display Snapshot Validation 1`] = `
<View
  style={
    Object {
      "alignItems": "center",
      "justifyContent": "center",
    }
  }
>
  <Text
    style={
      Object {
        "color": "#000000",
        "fontFamily": "normal",
        "fontSize": 20,
      }
    }
  >
    04:40:10 AM
  </Text>
  <Text
    style={
      Object {
        "color": "#000000",
        "fontFamily": "normal",
        "fontSize": 20,
      }
    }
  >
    30/08/2020
  </Text>
</View>
`;
